**memory usage on linux**
$ free -m

mongouser
k2pHutTIzPZPQnB5


**crear ambiente**
$ python -m venv env


**procesos que se usan** 
$ps -aux

**check memory usage is to read the /proc/meminfo file**
$ cat /proc/meminfo

**The vmstat command with the s option, lays out the memory usage statistics** 
$ vmstat -s

**RAM Information**
$ sudo dmidecode -t 17

**spacio en uso** 
$ df -h
#Create environment in python 
 python3 -m venv /path/to/new/virtual/environment
 python -m venv env

**Aperturar puertos**
$ sudo ufw allow 19332
8090(tron)

ip de escucha con puerto 19332
--format=t --create --if-exists --clean --file="/Users/jmac/Downloads/backup_trackmybus_23_11_2022-09_21_am.dump" --dbname=trackmybus
#sudo netstat -plnut | grep 19332
netstat -lntu
netstat -na | grep :4000
telnet [hostname/IP address] [port number]

#Encontrar carpeta .litecoin
$ find ~/.litecoin/

#hablilate ufw

sudo ufw status

sudo ufw enable

sudo ufw disable

#abrir puerto con tcp
sudo ufw allow 8545/tcp
cd 
#create Virtualenv env

virtualenv env --python=python3

#To show lists of all open ports:
netstat -lnp


#Cerrar puertos
fuser -k 8080/tcp

#Denegar puertos
sudo ufw deny 8080/tcp

#Ver estado del servicio
service [service] status
service docker status    ->{start|stop|restart|status}

#Ingresar al shell del docker 
docker exec -it 02e3e2feabaa bash;

#VS Code: NoPermissions (FileSystemError): Error: EACCES: permission denied
sudo chown -R username path
sudo chown -R akito /home/akito/test/


#backup postgres
sudo -i -u postgres 

pg_dump -U api_caja -W -h 127.0.0.1 api_caja_9780> backup1712021.sql

pg_restore -h 127.0.0.1 -p 5432 -U api_caja_test -d api_caja_tes < backup1712021.sql

psql -h 127.0.0.1 -p 5432 -U api_caja_test -W -d api_caja_tes < backup31012022.sql

#POSTGRES EN DOCKER 
docker exec -it postgres_trackmybus psql -U trackmybus_user -d trackmybus

$\l
$\c api_caja_test
$\dt

